// Jest Snapshot v1, https://goo.gl/fbAQLP

exports[`VerticalSpacer renders correctly 1`] = `
<View
  style={
    {
      "height": 10,
    }
  }
/>
`;
