// Jest Snapshot v1, https://goo.gl/fbAQLP

exports[`SignInContainer should render correctly 1`] = `
<RCTSafeAreaView
  style={
    {
      "backgroundColor": "#F1F1F1",
      "flex": 1,
      "paddingHorizontal": 24,
      "paddingVertical": 16,
    }
  }
>
  <View
    style={
      {
        "flexDirection": "row",
        "paddingHorizontal": 12,
        "paddingVertical": 16,
        "width": "100%",
      }
    }
  >
    <View
      accessibilityState={
        {
          "busy": undefined,
          "checked": undefined,
          "disabled": undefined,
          "expanded": undefined,
          "selected": undefined,
        }
      }
      accessibilityValue={
        {
          "max": undefined,
          "min": undefined,
          "now": undefined,
          "text": undefined,
        }
      }
      accessible={true}
      collapsable={false}
      focusable={true}
      onClick={[Function]}
      onResponderGrant={[Function]}
      onResponderMove={[Function]}
      onResponderRelease={[Function]}
      onResponderTerminate={[Function]}
      onResponderTerminationRequest={[Function]}
      onStartShouldSetResponder={[Function]}
      style={
        {
          "opacity": 1,
          "width": 24,
        }
      }
    />
    <View
      style={
        {
          "width": 12,
        }
      }
    />
    <Text
      style={
        [
          {
            "color": "#121212",
            "fontSize": 18,
            "fontWeight": "bold",
          },
          {
            "flex": 1,
            "textAlign": "center",
          },
        ]
      }
    >
      Carros
    </Text>
    <View
      style={
        {
          "width": 12,
        }
      }
    />
    <View
      style={
        {
          "width": 24,
        }
      }
    />
  </View>
  <View
    style={
      {
        "flex": 1,
      }
    }
  >
    <RCTScrollView
      ItemSeparatorComponent={[Function]}
      contentContainerStyle={
        {
          "paddingBottom": 88,
        }
      }
      data={
        [
          {
            "brand": "Brand",
            "kmDriven": "10",
            "kmPerLiter": "13",
            "name": "Name",
          },
          {
            "brand": "Brand",
            "kmDriven": "10",
            "kmPerLiter": "13",
            "name": "Name",
          },
          {
            "brand": "Brand",
            "kmDriven": "10",
            "kmPerLiter": "13",
            "name": "Name",
          },
          {
            "brand": "Brand",
            "kmDriven": "10",
            "kmPerLiter": "13",
            "name": "Name",
          },
          {
            "brand": "Brand",
            "kmDriven": "10",
            "kmPerLiter": "13",
            "name": "Name",
          },
          {
            "brand": "Brand",
            "kmDriven": "10",
            "kmPerLiter": "13",
            "name": "Name",
          },
          {
            "brand": "Brand",
            "kmDriven": "10",
            "kmPerLiter": "13",
            "name": "Name",
          },
          {
            "brand": "Brand",
            "kmDriven": "10",
            "kmPerLiter": "13",
            "name": "Name",
          },
          {
            "brand": "Brand",
            "kmDriven": "10",
            "kmPerLiter": "13",
            "name": "Name",
          },
        ]
      }
      getItem={[Function]}
      getItemCount={[Function]}
      keyExtractor={[Function]}
      onContentSizeChange={[Function]}
      onLayout={[Function]}
      onMomentumScrollBegin={[Function]}
      onMomentumScrollEnd={[Function]}
      onScroll={[Function]}
      onScrollBeginDrag={[Function]}
      onScrollEndDrag={[Function]}
      removeClippedSubviews={false}
      renderItem={[Function]}
      scrollEventThrottle={0.0001}
      showsVerticalScrollIndicator={false}
      stickyHeaderIndices={[]}
      viewabilityConfigCallbackPairs={[]}
    >
      <View>
        <View
          onFocusCapture={[Function]}
          onLayout={[Function]}
          style={null}
        >
          <View
            accessibilityState={
              {
                "busy": undefined,
                "checked": undefined,
                "disabled": undefined,
                "expanded": undefined,
                "selected": undefined,
              }
            }
            accessibilityValue={
              {
                "max": undefined,
                "min": undefined,
                "now": undefined,
                "text": undefined,
              }
            }
            accessible={true}
            collapsable={false}
            focusable={true}
            onClick={[Function]}
            onResponderGrant={[Function]}
            onResponderMove={[Function]}
            onResponderRelease={[Function]}
            onResponderTerminate={[Function]}
            onResponderTerminationRequest={[Function]}
            onStartShouldSetResponder={[Function]}
            style={
              {
                "alignItems": "center",
                "backgroundColor": "#FFFFFF",
                "borderColor": "#E5E5E5",
                "borderRadius": 8,
                "borderWidth": 1,
                "flexDirection": "row",
                "justifyContent": "space-between",
                "opacity": 1,
                "paddingHorizontal": 12,
                "paddingVertical": 16,
              }
            }
          >
            <View
              style={
                {
                  "flex": 1,
                }
              }
            >
              <Text
                style={
                  [
                    {
                      "color": "#121212",
                      "fontSize": 24,
                      "fontWeight": "bold",
                    },
                    undefined,
                  ]
                }
              >
                Name
              </Text>
              <Text
                style={
                  [
                    {
                      "color": "#222222",
                      "fontSize": 16,
                      "fontWeight": "normal",
                    },
                    undefined,
                  ]
                }
              >
                Brand
              </Text>
              <View
                style={
                  {
                    "height": 12,
                  }
                }
              />
              <Text
                style={
                  [
                    {
                      "color": "#222222",
                      "fontSize": 16,
                      "fontWeight": "normal",
                    },
                    undefined,
                  ]
                }
              >
                10 Km rodados
              </Text>
            </View>
            <View
              style={
                {
                  "marginLeft": 8,
                }
              }
            >
              <Text
                style={
                  [
                    {
                      "color": "#121212",
                      "fontSize": 24,
                      "fontWeight": "bold",
                    },
                    undefined,
                  ]
                }
              >
                10 Km/L
              </Text>
            </View>
          </View>
          <View
            style={
              {
                "height": 12,
              }
            }
          />
        </View>
        <View
          onFocusCapture={[Function]}
          onLayout={[Function]}
          style={null}
        >
          <View
            accessibilityState={
              {
                "busy": undefined,
                "checked": undefined,
                "disabled": undefined,
                "expanded": undefined,
                "selected": undefined,
              }
            }
            accessibilityValue={
              {
                "max": undefined,
                "min": undefined,
                "now": undefined,
                "text": undefined,
              }
            }
            accessible={true}
            collapsable={false}
            focusable={true}
            onClick={[Function]}
            onResponderGrant={[Function]}
            onResponderMove={[Function]}
            onResponderRelease={[Function]}
            onResponderTerminate={[Function]}
            onResponderTerminationRequest={[Function]}
            onStartShouldSetResponder={[Function]}
            style={
              {
                "alignItems": "center",
                "backgroundColor": "#FFFFFF",
                "borderColor": "#E5E5E5",
                "borderRadius": 8,
                "borderWidth": 1,
                "flexDirection": "row",
                "justifyContent": "space-between",
                "opacity": 1,
                "paddingHorizontal": 12,
                "paddingVertical": 16,
              }
            }
          >
            <View
              style={
                {
                  "flex": 1,
                }
              }
            >
              <Text
                style={
                  [
                    {
                      "color": "#121212",
                      "fontSize": 24,
                      "fontWeight": "bold",
                    },
                    undefined,
                  ]
                }
              >
                Name
              </Text>
              <Text
                style={
                  [
                    {
                      "color": "#222222",
                      "fontSize": 16,
                      "fontWeight": "normal",
                    },
                    undefined,
                  ]
                }
              >
                Brand
              </Text>
              <View
                style={
                  {
                    "height": 12,
                  }
                }
              />
              <Text
                style={
                  [
                    {
                      "color": "#222222",
                      "fontSize": 16,
                      "fontWeight": "normal",
                    },
                    undefined,
                  ]
                }
              >
                10 Km rodados
              </Text>
            </View>
            <View
              style={
                {
                  "marginLeft": 8,
                }
              }
            >
              <Text
                style={
                  [
                    {
                      "color": "#121212",
                      "fontSize": 24,
                      "fontWeight": "bold",
                    },
                    undefined,
                  ]
                }
              >
                10 Km/L
              </Text>
            </View>
          </View>
          <View
            style={
              {
                "height": 12,
              }
            }
          />
        </View>
        <View
          onFocusCapture={[Function]}
          onLayout={[Function]}
          style={null}
        >
          <View
            accessibilityState={
              {
                "busy": undefined,
                "checked": undefined,
                "disabled": undefined,
                "expanded": undefined,
                "selected": undefined,
              }
            }
            accessibilityValue={
              {
                "max": undefined,
                "min": undefined,
                "now": undefined,
                "text": undefined,
              }
            }
            accessible={true}
            collapsable={false}
            focusable={true}
            onClick={[Function]}
            onResponderGrant={[Function]}
            onResponderMove={[Function]}
            onResponderRelease={[Function]}
            onResponderTerminate={[Function]}
            onResponderTerminationRequest={[Function]}
            onStartShouldSetResponder={[Function]}
            style={
              {
                "alignItems": "center",
                "backgroundColor": "#FFFFFF",
                "borderColor": "#E5E5E5",
                "borderRadius": 8,
                "borderWidth": 1,
                "flexDirection": "row",
                "justifyContent": "space-between",
                "opacity": 1,
                "paddingHorizontal": 12,
                "paddingVertical": 16,
              }
            }
          >
            <View
              style={
                {
                  "flex": 1,
                }
              }
            >
              <Text
                style={
                  [
                    {
                      "color": "#121212",
                      "fontSize": 24,
                      "fontWeight": "bold",
                    },
                    undefined,
                  ]
                }
              >
                Name
              </Text>
              <Text
                style={
                  [
                    {
                      "color": "#222222",
                      "fontSize": 16,
                      "fontWeight": "normal",
                    },
                    undefined,
                  ]
                }
              >
                Brand
              </Text>
              <View
                style={
                  {
                    "height": 12,
                  }
                }
              />
              <Text
                style={
                  [
                    {
                      "color": "#222222",
                      "fontSize": 16,
                      "fontWeight": "normal",
                    },
                    undefined,
                  ]
                }
              >
                10 Km rodados
              </Text>
            </View>
            <View
              style={
                {
                  "marginLeft": 8,
                }
              }
            >
              <Text
                style={
                  [
                    {
                      "color": "#121212",
                      "fontSize": 24,
                      "fontWeight": "bold",
                    },
                    undefined,
                  ]
                }
              >
                10 Km/L
              </Text>
            </View>
          </View>
          <View
            style={
              {
                "height": 12,
              }
            }
          />
        </View>
        <View
          onFocusCapture={[Function]}
          onLayout={[Function]}
          style={null}
        >
          <View
            accessibilityState={
              {
                "busy": undefined,
                "checked": undefined,
                "disabled": undefined,
                "expanded": undefined,
                "selected": undefined,
              }
            }
            accessibilityValue={
              {
                "max": undefined,
                "min": undefined,
                "now": undefined,
                "text": undefined,
              }
            }
            accessible={true}
            collapsable={false}
            focusable={true}
            onClick={[Function]}
            onResponderGrant={[Function]}
            onResponderMove={[Function]}
            onResponderRelease={[Function]}
            onResponderTerminate={[Function]}
            onResponderTerminationRequest={[Function]}
            onStartShouldSetResponder={[Function]}
            style={
              {
                "alignItems": "center",
                "backgroundColor": "#FFFFFF",
                "borderColor": "#E5E5E5",
                "borderRadius": 8,
                "borderWidth": 1,
                "flexDirection": "row",
                "justifyContent": "space-between",
                "opacity": 1,
                "paddingHorizontal": 12,
                "paddingVertical": 16,
              }
            }
          >
            <View
              style={
                {
                  "flex": 1,
                }
              }
            >
              <Text
                style={
                  [
                    {
                      "color": "#121212",
                      "fontSize": 24,
                      "fontWeight": "bold",
                    },
                    undefined,
                  ]
                }
              >
                Name
              </Text>
              <Text
                style={
                  [
                    {
                      "color": "#222222",
                      "fontSize": 16,
                      "fontWeight": "normal",
                    },
                    undefined,
                  ]
                }
              >
                Brand
              </Text>
              <View
                style={
                  {
                    "height": 12,
                  }
                }
              />
              <Text
                style={
                  [
                    {
                      "color": "#222222",
                      "fontSize": 16,
                      "fontWeight": "normal",
                    },
                    undefined,
                  ]
                }
              >
                10 Km rodados
              </Text>
            </View>
            <View
              style={
                {
                  "marginLeft": 8,
                }
              }
            >
              <Text
                style={
                  [
                    {
                      "color": "#121212",
                      "fontSize": 24,
                      "fontWeight": "bold",
                    },
                    undefined,
                  ]
                }
              >
                10 Km/L
              </Text>
            </View>
          </View>
          <View
            style={
              {
                "height": 12,
              }
            }
          />
        </View>
        <View
          onFocusCapture={[Function]}
          onLayout={[Function]}
          style={null}
        >
          <View
            accessibilityState={
              {
                "busy": undefined,
                "checked": undefined,
                "disabled": undefined,
                "expanded": undefined,
                "selected": undefined,
              }
            }
            accessibilityValue={
              {
                "max": undefined,
                "min": undefined,
                "now": undefined,
                "text": undefined,
              }
            }
            accessible={true}
            collapsable={false}
            focusable={true}
            onClick={[Function]}
            onResponderGrant={[Function]}
            onResponderMove={[Function]}
            onResponderRelease={[Function]}
            onResponderTerminate={[Function]}
            onResponderTerminationRequest={[Function]}
            onStartShouldSetResponder={[Function]}
            style={
              {
                "alignItems": "center",
                "backgroundColor": "#FFFFFF",
                "borderColor": "#E5E5E5",
                "borderRadius": 8,
                "borderWidth": 1,
                "flexDirection": "row",
                "justifyContent": "space-between",
                "opacity": 1,
                "paddingHorizontal": 12,
                "paddingVertical": 16,
              }
            }
          >
            <View
              style={
                {
                  "flex": 1,
                }
              }
            >
              <Text
                style={
                  [
                    {
                      "color": "#121212",
                      "fontSize": 24,
                      "fontWeight": "bold",
                    },
                    undefined,
                  ]
                }
              >
                Name
              </Text>
              <Text
                style={
                  [
                    {
                      "color": "#222222",
                      "fontSize": 16,
                      "fontWeight": "normal",
                    },
                    undefined,
                  ]
                }
              >
                Brand
              </Text>
              <View
                style={
                  {
                    "height": 12,
                  }
                }
              />
              <Text
                style={
                  [
                    {
                      "color": "#222222",
                      "fontSize": 16,
                      "fontWeight": "normal",
                    },
                    undefined,
                  ]
                }
              >
                10 Km rodados
              </Text>
            </View>
            <View
              style={
                {
                  "marginLeft": 8,
                }
              }
            >
              <Text
                style={
                  [
                    {
                      "color": "#121212",
                      "fontSize": 24,
                      "fontWeight": "bold",
                    },
                    undefined,
                  ]
                }
              >
                10 Km/L
              </Text>
            </View>
          </View>
          <View
            style={
              {
                "height": 12,
              }
            }
          />
        </View>
        <View
          onFocusCapture={[Function]}
          onLayout={[Function]}
          style={null}
        >
          <View
            accessibilityState={
              {
                "busy": undefined,
                "checked": undefined,
                "disabled": undefined,
                "expanded": undefined,
                "selected": undefined,
              }
            }
            accessibilityValue={
              {
                "max": undefined,
                "min": undefined,
                "now": undefined,
                "text": undefined,
              }
            }
            accessible={true}
            collapsable={false}
            focusable={true}
            onClick={[Function]}
            onResponderGrant={[Function]}
            onResponderMove={[Function]}
            onResponderRelease={[Function]}
            onResponderTerminate={[Function]}
            onResponderTerminationRequest={[Function]}
            onStartShouldSetResponder={[Function]}
            style={
              {
                "alignItems": "center",
                "backgroundColor": "#FFFFFF",
                "borderColor": "#E5E5E5",
                "borderRadius": 8,
                "borderWidth": 1,
                "flexDirection": "row",
                "justifyContent": "space-between",
                "opacity": 1,
                "paddingHorizontal": 12,
                "paddingVertical": 16,
              }
            }
          >
            <View
              style={
                {
                  "flex": 1,
                }
              }
            >
              <Text
                style={
                  [
                    {
                      "color": "#121212",
                      "fontSize": 24,
                      "fontWeight": "bold",
                    },
                    undefined,
                  ]
                }
              >
                Name
              </Text>
              <Text
                style={
                  [
                    {
                      "color": "#222222",
                      "fontSize": 16,
                      "fontWeight": "normal",
                    },
                    undefined,
                  ]
                }
              >
                Brand
              </Text>
              <View
                style={
                  {
                    "height": 12,
                  }
                }
              />
              <Text
                style={
                  [
                    {
                      "color": "#222222",
                      "fontSize": 16,
                      "fontWeight": "normal",
                    },
                    undefined,
                  ]
                }
              >
                10 Km rodados
              </Text>
            </View>
            <View
              style={
                {
                  "marginLeft": 8,
                }
              }
            >
              <Text
                style={
                  [
                    {
                      "color": "#121212",
                      "fontSize": 24,
                      "fontWeight": "bold",
                    },
                    undefined,
                  ]
                }
              >
                10 Km/L
              </Text>
            </View>
          </View>
          <View
            style={
              {
                "height": 12,
              }
            }
          />
        </View>
        <View
          onFocusCapture={[Function]}
          onLayout={[Function]}
          style={null}
        >
          <View
            accessibilityState={
              {
                "busy": undefined,
                "checked": undefined,
                "disabled": undefined,
                "expanded": undefined,
                "selected": undefined,
              }
            }
            accessibilityValue={
              {
                "max": undefined,
                "min": undefined,
                "now": undefined,
                "text": undefined,
              }
            }
            accessible={true}
            collapsable={false}
            focusable={true}
            onClick={[Function]}
            onResponderGrant={[Function]}
            onResponderMove={[Function]}
            onResponderRelease={[Function]}
            onResponderTerminate={[Function]}
            onResponderTerminationRequest={[Function]}
            onStartShouldSetResponder={[Function]}
            style={
              {
                "alignItems": "center",
                "backgroundColor": "#FFFFFF",
                "borderColor": "#E5E5E5",
                "borderRadius": 8,
                "borderWidth": 1,
                "flexDirection": "row",
                "justifyContent": "space-between",
                "opacity": 1,
                "paddingHorizontal": 12,
                "paddingVertical": 16,
              }
            }
          >
            <View
              style={
                {
                  "flex": 1,
                }
              }
            >
              <Text
                style={
                  [
                    {
                      "color": "#121212",
                      "fontSize": 24,
                      "fontWeight": "bold",
                    },
                    undefined,
                  ]
                }
              >
                Name
              </Text>
              <Text
                style={
                  [
                    {
                      "color": "#222222",
                      "fontSize": 16,
                      "fontWeight": "normal",
                    },
                    undefined,
                  ]
                }
              >
                Brand
              </Text>
              <View
                style={
                  {
                    "height": 12,
                  }
                }
              />
              <Text
                style={
                  [
                    {
                      "color": "#222222",
                      "fontSize": 16,
                      "fontWeight": "normal",
                    },
                    undefined,
                  ]
                }
              >
                10 Km rodados
              </Text>
            </View>
            <View
              style={
                {
                  "marginLeft": 8,
                }
              }
            >
              <Text
                style={
                  [
                    {
                      "color": "#121212",
                      "fontSize": 24,
                      "fontWeight": "bold",
                    },
                    undefined,
                  ]
                }
              >
                10 Km/L
              </Text>
            </View>
          </View>
          <View
            style={
              {
                "height": 12,
              }
            }
          />
        </View>
        <View
          onFocusCapture={[Function]}
          onLayout={[Function]}
          style={null}
        >
          <View
            accessibilityState={
              {
                "busy": undefined,
                "checked": undefined,
                "disabled": undefined,
                "expanded": undefined,
                "selected": undefined,
              }
            }
            accessibilityValue={
              {
                "max": undefined,
                "min": undefined,
                "now": undefined,
                "text": undefined,
              }
            }
            accessible={true}
            collapsable={false}
            focusable={true}
            onClick={[Function]}
            onResponderGrant={[Function]}
            onResponderMove={[Function]}
            onResponderRelease={[Function]}
            onResponderTerminate={[Function]}
            onResponderTerminationRequest={[Function]}
            onStartShouldSetResponder={[Function]}
            style={
              {
                "alignItems": "center",
                "backgroundColor": "#FFFFFF",
                "borderColor": "#E5E5E5",
                "borderRadius": 8,
                "borderWidth": 1,
                "flexDirection": "row",
                "justifyContent": "space-between",
                "opacity": 1,
                "paddingHorizontal": 12,
                "paddingVertical": 16,
              }
            }
          >
            <View
              style={
                {
                  "flex": 1,
                }
              }
            >
              <Text
                style={
                  [
                    {
                      "color": "#121212",
                      "fontSize": 24,
                      "fontWeight": "bold",
                    },
                    undefined,
                  ]
                }
              >
                Name
              </Text>
              <Text
                style={
                  [
                    {
                      "color": "#222222",
                      "fontSize": 16,
                      "fontWeight": "normal",
                    },
                    undefined,
                  ]
                }
              >
                Brand
              </Text>
              <View
                style={
                  {
                    "height": 12,
                  }
                }
              />
              <Text
                style={
                  [
                    {
                      "color": "#222222",
                      "fontSize": 16,
                      "fontWeight": "normal",
                    },
                    undefined,
                  ]
                }
              >
                10 Km rodados
              </Text>
            </View>
            <View
              style={
                {
                  "marginLeft": 8,
                }
              }
            >
              <Text
                style={
                  [
                    {
                      "color": "#121212",
                      "fontSize": 24,
                      "fontWeight": "bold",
                    },
                    undefined,
                  ]
                }
              >
                10 Km/L
              </Text>
            </View>
          </View>
          <View
            style={
              {
                "height": 12,
              }
            }
          />
        </View>
        <View
          onFocusCapture={[Function]}
          onLayout={[Function]}
          style={null}
        >
          <View
            accessibilityState={
              {
                "busy": undefined,
                "checked": undefined,
                "disabled": undefined,
                "expanded": undefined,
                "selected": undefined,
              }
            }
            accessibilityValue={
              {
                "max": undefined,
                "min": undefined,
                "now": undefined,
                "text": undefined,
              }
            }
            accessible={true}
            collapsable={false}
            focusable={true}
            onClick={[Function]}
            onResponderGrant={[Function]}
            onResponderMove={[Function]}
            onResponderRelease={[Function]}
            onResponderTerminate={[Function]}
            onResponderTerminationRequest={[Function]}
            onStartShouldSetResponder={[Function]}
            style={
              {
                "alignItems": "center",
                "backgroundColor": "#FFFFFF",
                "borderColor": "#E5E5E5",
                "borderRadius": 8,
                "borderWidth": 1,
                "flexDirection": "row",
                "justifyContent": "space-between",
                "opacity": 1,
                "paddingHorizontal": 12,
                "paddingVertical": 16,
              }
            }
          >
            <View
              style={
                {
                  "flex": 1,
                }
              }
            >
              <Text
                style={
                  [
                    {
                      "color": "#121212",
                      "fontSize": 24,
                      "fontWeight": "bold",
                    },
                    undefined,
                  ]
                }
              >
                Name
              </Text>
              <Text
                style={
                  [
                    {
                      "color": "#222222",
                      "fontSize": 16,
                      "fontWeight": "normal",
                    },
                    undefined,
                  ]
                }
              >
                Brand
              </Text>
              <View
                style={
                  {
                    "height": 12,
                  }
                }
              />
              <Text
                style={
                  [
                    {
                      "color": "#222222",
                      "fontSize": 16,
                      "fontWeight": "normal",
                    },
                    undefined,
                  ]
                }
              >
                10 Km rodados
              </Text>
            </View>
            <View
              style={
                {
                  "marginLeft": 8,
                }
              }
            >
              <Text
                style={
                  [
                    {
                      "color": "#121212",
                      "fontSize": 24,
                      "fontWeight": "bold",
                    },
                    undefined,
                  ]
                }
              >
                10 Km/L
              </Text>
            </View>
          </View>
        </View>
      </View>
    </RCTScrollView>
  </View>
  <View
    style={
      {
        "alignItems": "center",
        "bottom": 16,
        "position": "absolute",
        "right": 24,
        "width": "100%",
      }
    }
  >
    <View
      accessibilityState={
        {
          "busy": undefined,
          "checked": undefined,
          "disabled": undefined,
          "expanded": undefined,
          "selected": undefined,
        }
      }
      accessibilityValue={
        {
          "max": undefined,
          "min": undefined,
          "now": undefined,
          "text": undefined,
        }
      }
      accessible={true}
      collapsable={false}
      focusable={true}
      onClick={[Function]}
      onResponderGrant={[Function]}
      onResponderMove={[Function]}
      onResponderRelease={[Function]}
      onResponderTerminate={[Function]}
      onResponderTerminationRequest={[Function]}
      onStartShouldSetResponder={[Function]}
      style={
        {
          "alignItems": "center",
          "backgroundColor": "#E30B0B",
          "borderRadius": 43,
          "height": 64,
          "justifyContent": "center",
          "opacity": 1,
          "width": 64,
        }
      }
    >
      <RNSVGSvgView
        align="xMidYMid"
        bbHeight="48"
        bbWidth="48"
        fill="#FFFFFF"
        focusable={false}
        height="48"
        meetOrSlice={0}
        minX={0}
        minY={-960}
        style={
          [
            {
              "backgroundColor": "transparent",
              "borderWidth": 0,
            },
            {
              "flex": 0,
              "height": 48,
              "width": 48,
            },
          ]
        }
        vbHeight={960}
        vbWidth={960}
        width="48"
      >
        <RNSVGGroup
          fill={
            {
              "payload": 4294967295,
              "type": 0,
            }
          }
          propList={
            [
              "fill",
            ]
          }
        >
          <RNSVGPath
            d="M440-440H200v-80h240v-240h80v240h240v80H520v240h-80v-240z"
            fill={
              {
                "payload": 4278190080,
                "type": 0,
              }
            }
          />
        </RNSVGGroup>
      </RNSVGSvgView>
    </View>
  </View>
</RCTSafeAreaView>
`;
